/usr/bin/bash: line 1: GERAR-APK-PLAYSTORE.bat: command not found
